// Jest Snapshot v1, https://goo.gl/fbAQLP

exports[`Dropdown API Test menu is Array 1`] = `
<Dropdown
  menu={Array []}
>
  <Popper
    arrow={false}
    onVisibleChange={[Function]}
    placement="bottomLeft"
    prefixCls="kd-dropdown"
    tip={
      <ul
        className="kd-dropdown-menu"
        onClick={[Function]}
        role="menu"
      />
    }
    trigger="hover"
    visible={false}
  >
    <button
      className="kd-popper-reference"
      type="button"
    >
      button
    </button>
  </Popper>
</Dropdown>
`;

exports[`Dropdown renders correctly 1`] = `
<Dropdown
  menu={
    <DropdownMenu>
      <DropdownMenuItem>
        <a
          href="https://www.kingdee.com/"
          rel="noopener noreferrer"
          target="_blank"
        >
          菜单1
        </a>
      </DropdownMenuItem>
      <DropdownMenuItem>
        <a
          href="https://www.kdcloud.com/"
          rel="noopener noreferrer"
          target="_blank"
        >
          菜单2
        </a>
      </DropdownMenuItem>
      <DropdownMenuItem>
        <a
          href="https://www.yunzhijia.com/"
          rel="noopener noreferrer"
          target="_blank"
        >
          菜单3
        </a>
      </DropdownMenuItem>
      <DropdownMenuItem
        danger={true}
      >
        a danger item
      </DropdownMenuItem>
    </DropdownMenu>
  }
>
  <Popper
    arrow={false}
    onVisibleChange={[Function]}
    placement="bottomLeft"
    prefixCls="kd-dropdown"
    tip={
      <DropdownMenu
        onClick={[Function]}
        selectedKey=""
      >
        <DropdownMenuItem>
          <a
            href="https://www.kingdee.com/"
            rel="noopener noreferrer"
            target="_blank"
          >
            菜单1
          </a>
        </DropdownMenuItem>
        <DropdownMenuItem>
          <a
            href="https://www.kdcloud.com/"
            rel="noopener noreferrer"
            target="_blank"
          >
            菜单2
          </a>
        </DropdownMenuItem>
        <DropdownMenuItem>
          <a
            href="https://www.yunzhijia.com/"
            rel="noopener noreferrer"
            target="_blank"
          >
            菜单3
          </a>
        </DropdownMenuItem>
        <DropdownMenuItem
          danger={true}
        >
          a danger item
        </DropdownMenuItem>
      </DropdownMenu>
    }
    trigger="hover"
    visible={false}
  >
    <span
      className="kd-popper-reference"
    />
  </Popper>
</Dropdown>
`;

exports[`Dropdown renders correctly 2`] = `
<Dropdown
  menu={
    <DropdownMenu>
      <DropdownMenuItem>
        <a
          href="https://www.kingdee.com/"
          rel="noopener noreferrer"
          target="_blank"
        >
          菜单1
        </a>
      </DropdownMenuItem>
      <DropdownMenuItem>
        <a
          href="https://www.kdcloud.com/"
          rel="noopener noreferrer"
          target="_blank"
        >
          菜单2
        </a>
      </DropdownMenuItem>
      <DropdownMenuItem>
        <a
          href="https://www.yunzhijia.com/"
          rel="noopener noreferrer"
          target="_blank"
        >
          菜单3
        </a>
      </DropdownMenuItem>
      <DropdownMenuItem
        danger={true}
      >
        a danger item
      </DropdownMenuItem>
    </DropdownMenu>
  }
  placement="top"
>
  <Popper
    arrow={false}
    onVisibleChange={[Function]}
    placement="top"
    prefixCls="kd-dropdown"
    tip={
      <DropdownMenu
        onClick={[Function]}
        selectedKey=""
      >
        <DropdownMenuItem>
          <a
            href="https://www.kingdee.com/"
            rel="noopener noreferrer"
            target="_blank"
          >
            菜单1
          </a>
        </DropdownMenuItem>
        <DropdownMenuItem>
          <a
            href="https://www.kdcloud.com/"
            rel="noopener noreferrer"
            target="_blank"
          >
            菜单2
          </a>
        </DropdownMenuItem>
        <DropdownMenuItem>
          <a
            href="https://www.yunzhijia.com/"
            rel="noopener noreferrer"
            target="_blank"
          >
            菜单3
          </a>
        </DropdownMenuItem>
        <DropdownMenuItem
          danger={true}
        >
          a danger item
        </DropdownMenuItem>
      </DropdownMenu>
    }
    trigger="hover"
    visible={false}
  >
    <span
      className="kd-popper-reference"
    />
  </Popper>
</Dropdown>
`;

exports[`Dropdown renders correctly 3`] = `
<Dropdown
  menu={
    <DropdownMenu>
      <DropdownMenuItem>
        <a
          href="https://www.kingdee.com/"
          rel="noopener noreferrer"
          target="_blank"
        >
          菜单1
        </a>
      </DropdownMenuItem>
      <DropdownMenuItem>
        <a
          href="https://www.kdcloud.com/"
          rel="noopener noreferrer"
          target="_blank"
        >
          菜单2
        </a>
      </DropdownMenuItem>
      <DropdownMenuItem>
        <a
          href="https://www.yunzhijia.com/"
          rel="noopener noreferrer"
          target="_blank"
        >
          菜单3
        </a>
      </DropdownMenuItem>
      <DropdownMenuItem
        danger={true}
      >
        a danger item
      </DropdownMenuItem>
    </DropdownMenu>
  }
  placement="left"
>
  <Popper
    arrow={false}
    onVisibleChange={[Function]}
    placement="left"
    prefixCls="kd-dropdown"
    tip={
      <DropdownMenu
        onClick={[Function]}
        selectedKey=""
      >
        <DropdownMenuItem>
          <a
            href="https://www.kingdee.com/"
            rel="noopener noreferrer"
            target="_blank"
          >
            菜单1
          </a>
        </DropdownMenuItem>
        <DropdownMenuItem>
          <a
            href="https://www.kdcloud.com/"
            rel="noopener noreferrer"
            target="_blank"
          >
            菜单2
          </a>
        </DropdownMenuItem>
        <DropdownMenuItem>
          <a
            href="https://www.yunzhijia.com/"
            rel="noopener noreferrer"
            target="_blank"
          >
            菜单3
          </a>
        </DropdownMenuItem>
        <DropdownMenuItem
          danger={true}
        >
          a danger item
        </DropdownMenuItem>
      </DropdownMenu>
    }
    trigger="hover"
    visible={false}
  >
    <span
      className="kd-popper-reference"
    />
  </Popper>
</Dropdown>
`;

exports[`Dropdown renders correctly 4`] = `
<Dropdown
  menu={
    <DropdownMenu>
      <DropdownMenuItem>
        <a
          href="https://www.kingdee.com/"
          rel="noopener noreferrer"
          target="_blank"
        >
          菜单1
        </a>
      </DropdownMenuItem>
      <DropdownMenuItem>
        <a
          href="https://www.kdcloud.com/"
          rel="noopener noreferrer"
          target="_blank"
        >
          菜单2
        </a>
      </DropdownMenuItem>
      <DropdownMenuItem>
        <a
          href="https://www.yunzhijia.com/"
          rel="noopener noreferrer"
          target="_blank"
        >
          菜单3
        </a>
      </DropdownMenuItem>
      <DropdownMenuItem
        danger={true}
      >
        a danger item
      </DropdownMenuItem>
    </DropdownMenu>
  }
  placement="right"
>
  <Popper
    arrow={false}
    onVisibleChange={[Function]}
    placement="right"
    prefixCls="kd-dropdown"
    tip={
      <DropdownMenu
        onClick={[Function]}
        selectedKey=""
      >
        <DropdownMenuItem>
          <a
            href="https://www.kingdee.com/"
            rel="noopener noreferrer"
            target="_blank"
          >
            菜单1
          </a>
        </DropdownMenuItem>
        <DropdownMenuItem>
          <a
            href="https://www.kdcloud.com/"
            rel="noopener noreferrer"
            target="_blank"
          >
            菜单2
          </a>
        </DropdownMenuItem>
        <DropdownMenuItem>
          <a
            href="https://www.yunzhijia.com/"
            rel="noopener noreferrer"
            target="_blank"
          >
            菜单3
          </a>
        </DropdownMenuItem>
        <DropdownMenuItem
          danger={true}
        >
          a danger item
        </DropdownMenuItem>
      </DropdownMenu>
    }
    trigger="hover"
    visible={false}
  >
    <span
      className="kd-popper-reference"
    />
  </Popper>
</Dropdown>
`;

exports[`Dropdown renders correctly 5`] = `
<Dropdown
  menu={
    <DropdownMenu>
      <DropdownMenuItem>
        <a
          href="https://www.kingdee.com/"
          rel="noopener noreferrer"
          target="_blank"
        >
          菜单1
        </a>
      </DropdownMenuItem>
      <DropdownMenuItem>
        <a
          href="https://www.kdcloud.com/"
          rel="noopener noreferrer"
          target="_blank"
        >
          菜单2
        </a>
      </DropdownMenuItem>
      <DropdownMenuItem>
        <a
          href="https://www.yunzhijia.com/"
          rel="noopener noreferrer"
          target="_blank"
        >
          菜单3
        </a>
      </DropdownMenuItem>
      <DropdownMenuItem
        danger={true}
      >
        a danger item
      </DropdownMenuItem>
    </DropdownMenu>
  }
  placement="bottom"
>
  <Popper
    arrow={false}
    onVisibleChange={[Function]}
    placement="bottom"
    prefixCls="kd-dropdown"
    tip={
      <DropdownMenu
        onClick={[Function]}
        selectedKey=""
      >
        <DropdownMenuItem>
          <a
            href="https://www.kingdee.com/"
            rel="noopener noreferrer"
            target="_blank"
          >
            菜单1
          </a>
        </DropdownMenuItem>
        <DropdownMenuItem>
          <a
            href="https://www.kdcloud.com/"
            rel="noopener noreferrer"
            target="_blank"
          >
            菜单2
          </a>
        </DropdownMenuItem>
        <DropdownMenuItem>
          <a
            href="https://www.yunzhijia.com/"
            rel="noopener noreferrer"
            target="_blank"
          >
            菜单3
          </a>
        </DropdownMenuItem>
        <DropdownMenuItem
          danger={true}
        >
          a danger item
        </DropdownMenuItem>
      </DropdownMenu>
    }
    trigger="hover"
    visible={false}
  >
    <span
      className="kd-popper-reference"
    />
  </Popper>
</Dropdown>
`;

exports[`Dropdown renders correctly 6`] = `
<Dropdown
  menu={
    <DropdownMenu>
      <DropdownMenuItem>
        <a
          href="https://www.kingdee.com/"
          rel="noopener noreferrer"
          target="_blank"
        >
          菜单1
        </a>
      </DropdownMenuItem>
      <DropdownMenuItem>
        <a
          href="https://www.kdcloud.com/"
          rel="noopener noreferrer"
          target="_blank"
        >
          菜单2
        </a>
      </DropdownMenuItem>
      <DropdownMenuItem>
        <a
          href="https://www.yunzhijia.com/"
          rel="noopener noreferrer"
          target="_blank"
        >
          菜单3
        </a>
      </DropdownMenuItem>
      <DropdownMenuItem
        danger={true}
      >
        a danger item
      </DropdownMenuItem>
    </DropdownMenu>
  }
  placement="topLeft"
>
  <Popper
    arrow={false}
    onVisibleChange={[Function]}
    placement="topLeft"
    prefixCls="kd-dropdown"
    tip={
      <DropdownMenu
        onClick={[Function]}
        selectedKey=""
      >
        <DropdownMenuItem>
          <a
            href="https://www.kingdee.com/"
            rel="noopener noreferrer"
            target="_blank"
          >
            菜单1
          </a>
        </DropdownMenuItem>
        <DropdownMenuItem>
          <a
            href="https://www.kdcloud.com/"
            rel="noopener noreferrer"
            target="_blank"
          >
            菜单2
          </a>
        </DropdownMenuItem>
        <DropdownMenuItem>
          <a
            href="https://www.yunzhijia.com/"
            rel="noopener noreferrer"
            target="_blank"
          >
            菜单3
          </a>
        </DropdownMenuItem>
        <DropdownMenuItem
          danger={true}
        >
          a danger item
        </DropdownMenuItem>
      </DropdownMenu>
    }
    trigger="hover"
    visible={false}
  >
    <span
      className="kd-popper-reference"
    />
  </Popper>
</Dropdown>
`;

exports[`Dropdown renders correctly 7`] = `
<Dropdown
  menu={
    <DropdownMenu>
      <DropdownMenuItem>
        <a
          href="https://www.kingdee.com/"
          rel="noopener noreferrer"
          target="_blank"
        >
          菜单1
        </a>
      </DropdownMenuItem>
      <DropdownMenuItem>
        <a
          href="https://www.kdcloud.com/"
          rel="noopener noreferrer"
          target="_blank"
        >
          菜单2
        </a>
      </DropdownMenuItem>
      <DropdownMenuItem>
        <a
          href="https://www.yunzhijia.com/"
          rel="noopener noreferrer"
          target="_blank"
        >
          菜单3
        </a>
      </DropdownMenuItem>
      <DropdownMenuItem
        danger={true}
      >
        a danger item
      </DropdownMenuItem>
    </DropdownMenu>
  }
  placement="topRight"
>
  <Popper
    arrow={false}
    onVisibleChange={[Function]}
    placement="topRight"
    prefixCls="kd-dropdown"
    tip={
      <DropdownMenu
        onClick={[Function]}
        selectedKey=""
      >
        <DropdownMenuItem>
          <a
            href="https://www.kingdee.com/"
            rel="noopener noreferrer"
            target="_blank"
          >
            菜单1
          </a>
        </DropdownMenuItem>
        <DropdownMenuItem>
          <a
            href="https://www.kdcloud.com/"
            rel="noopener noreferrer"
            target="_blank"
          >
            菜单2
          </a>
        </DropdownMenuItem>
        <DropdownMenuItem>
          <a
            href="https://www.yunzhijia.com/"
            rel="noopener noreferrer"
            target="_blank"
          >
            菜单3
          </a>
        </DropdownMenuItem>
        <DropdownMenuItem
          danger={true}
        >
          a danger item
        </DropdownMenuItem>
      </DropdownMenu>
    }
    trigger="hover"
    visible={false}
  >
    <span
      className="kd-popper-reference"
    />
  </Popper>
</Dropdown>
`;

exports[`Dropdown renders correctly 8`] = `
<Dropdown
  menu={
    <DropdownMenu>
      <DropdownMenuItem>
        <a
          href="https://www.kingdee.com/"
          rel="noopener noreferrer"
          target="_blank"
        >
          菜单1
        </a>
      </DropdownMenuItem>
      <DropdownMenuItem>
        <a
          href="https://www.kdcloud.com/"
          rel="noopener noreferrer"
          target="_blank"
        >
          菜单2
        </a>
      </DropdownMenuItem>
      <DropdownMenuItem>
        <a
          href="https://www.yunzhijia.com/"
          rel="noopener noreferrer"
          target="_blank"
        >
          菜单3
        </a>
      </DropdownMenuItem>
      <DropdownMenuItem
        danger={true}
      >
        a danger item
      </DropdownMenuItem>
    </DropdownMenu>
  }
  placement="bottomLeft"
>
  <Popper
    arrow={false}
    onVisibleChange={[Function]}
    placement="bottomLeft"
    prefixCls="kd-dropdown"
    tip={
      <DropdownMenu
        onClick={[Function]}
        selectedKey=""
      >
        <DropdownMenuItem>
          <a
            href="https://www.kingdee.com/"
            rel="noopener noreferrer"
            target="_blank"
          >
            菜单1
          </a>
        </DropdownMenuItem>
        <DropdownMenuItem>
          <a
            href="https://www.kdcloud.com/"
            rel="noopener noreferrer"
            target="_blank"
          >
            菜单2
          </a>
        </DropdownMenuItem>
        <DropdownMenuItem>
          <a
            href="https://www.yunzhijia.com/"
            rel="noopener noreferrer"
            target="_blank"
          >
            菜单3
          </a>
        </DropdownMenuItem>
        <DropdownMenuItem
          danger={true}
        >
          a danger item
        </DropdownMenuItem>
      </DropdownMenu>
    }
    trigger="hover"
    visible={false}
  >
    <span
      className="kd-popper-reference"
    />
  </Popper>
</Dropdown>
`;

exports[`Dropdown renders correctly 9`] = `
<Dropdown
  menu={
    <DropdownMenu>
      <DropdownMenuItem>
        <a
          href="https://www.kingdee.com/"
          rel="noopener noreferrer"
          target="_blank"
        >
          菜单1
        </a>
      </DropdownMenuItem>
      <DropdownMenuItem>
        <a
          href="https://www.kdcloud.com/"
          rel="noopener noreferrer"
          target="_blank"
        >
          菜单2
        </a>
      </DropdownMenuItem>
      <DropdownMenuItem>
        <a
          href="https://www.yunzhijia.com/"
          rel="noopener noreferrer"
          target="_blank"
        >
          菜单3
        </a>
      </DropdownMenuItem>
      <DropdownMenuItem
        danger={true}
      >
        a danger item
      </DropdownMenuItem>
    </DropdownMenu>
  }
  placement="bottomRight"
>
  <Popper
    arrow={false}
    onVisibleChange={[Function]}
    placement="bottomRight"
    prefixCls="kd-dropdown"
    tip={
      <DropdownMenu
        onClick={[Function]}
        selectedKey=""
      >
        <DropdownMenuItem>
          <a
            href="https://www.kingdee.com/"
            rel="noopener noreferrer"
            target="_blank"
          >
            菜单1
          </a>
        </DropdownMenuItem>
        <DropdownMenuItem>
          <a
            href="https://www.kdcloud.com/"
            rel="noopener noreferrer"
            target="_blank"
          >
            菜单2
          </a>
        </DropdownMenuItem>
        <DropdownMenuItem>
          <a
            href="https://www.yunzhijia.com/"
            rel="noopener noreferrer"
            target="_blank"
          >
            菜单3
          </a>
        </DropdownMenuItem>
        <DropdownMenuItem
          danger={true}
        >
          a danger item
        </DropdownMenuItem>
      </DropdownMenu>
    }
    trigger="hover"
    visible={false}
  >
    <span
      className="kd-popper-reference"
    />
  </Popper>
</Dropdown>
`;

exports[`Dropdown renders correctly 10`] = `
<Dropdown
  menu={
    <DropdownMenu>
      <DropdownMenuItem>
        <a
          href="https://www.kingdee.com/"
          rel="noopener noreferrer"
          target="_blank"
        >
          菜单1
        </a>
      </DropdownMenuItem>
      <DropdownMenuItem>
        <a
          href="https://www.kdcloud.com/"
          rel="noopener noreferrer"
          target="_blank"
        >
          菜单2
        </a>
      </DropdownMenuItem>
      <DropdownMenuItem>
        <a
          href="https://www.yunzhijia.com/"
          rel="noopener noreferrer"
          target="_blank"
        >
          菜单3
        </a>
      </DropdownMenuItem>
      <DropdownMenuItem
        danger={true}
      >
        a danger item
      </DropdownMenuItem>
    </DropdownMenu>
  }
  placement="leftTop"
>
  <Popper
    arrow={false}
    onVisibleChange={[Function]}
    placement="leftTop"
    prefixCls="kd-dropdown"
    tip={
      <DropdownMenu
        onClick={[Function]}
        selectedKey=""
      >
        <DropdownMenuItem>
          <a
            href="https://www.kingdee.com/"
            rel="noopener noreferrer"
            target="_blank"
          >
            菜单1
          </a>
        </DropdownMenuItem>
        <DropdownMenuItem>
          <a
            href="https://www.kdcloud.com/"
            rel="noopener noreferrer"
            target="_blank"
          >
            菜单2
          </a>
        </DropdownMenuItem>
        <DropdownMenuItem>
          <a
            href="https://www.yunzhijia.com/"
            rel="noopener noreferrer"
            target="_blank"
          >
            菜单3
          </a>
        </DropdownMenuItem>
        <DropdownMenuItem
          danger={true}
        >
          a danger item
        </DropdownMenuItem>
      </DropdownMenu>
    }
    trigger="hover"
    visible={false}
  >
    <span
      className="kd-popper-reference"
    />
  </Popper>
</Dropdown>
`;

exports[`Dropdown renders correctly 11`] = `
<Dropdown
  menu={
    <DropdownMenu>
      <DropdownMenuItem>
        <a
          href="https://www.kingdee.com/"
          rel="noopener noreferrer"
          target="_blank"
        >
          菜单1
        </a>
      </DropdownMenuItem>
      <DropdownMenuItem>
        <a
          href="https://www.kdcloud.com/"
          rel="noopener noreferrer"
          target="_blank"
        >
          菜单2
        </a>
      </DropdownMenuItem>
      <DropdownMenuItem>
        <a
          href="https://www.yunzhijia.com/"
          rel="noopener noreferrer"
          target="_blank"
        >
          菜单3
        </a>
      </DropdownMenuItem>
      <DropdownMenuItem
        danger={true}
      >
        a danger item
      </DropdownMenuItem>
    </DropdownMenu>
  }
  placement="leftBottom"
>
  <Popper
    arrow={false}
    onVisibleChange={[Function]}
    placement="leftBottom"
    prefixCls="kd-dropdown"
    tip={
      <DropdownMenu
        onClick={[Function]}
        selectedKey=""
      >
        <DropdownMenuItem>
          <a
            href="https://www.kingdee.com/"
            rel="noopener noreferrer"
            target="_blank"
          >
            菜单1
          </a>
        </DropdownMenuItem>
        <DropdownMenuItem>
          <a
            href="https://www.kdcloud.com/"
            rel="noopener noreferrer"
            target="_blank"
          >
            菜单2
          </a>
        </DropdownMenuItem>
        <DropdownMenuItem>
          <a
            href="https://www.yunzhijia.com/"
            rel="noopener noreferrer"
            target="_blank"
          >
            菜单3
          </a>
        </DropdownMenuItem>
        <DropdownMenuItem
          danger={true}
        >
          a danger item
        </DropdownMenuItem>
      </DropdownMenu>
    }
    trigger="hover"
    visible={false}
  >
    <span
      className="kd-popper-reference"
    />
  </Popper>
</Dropdown>
`;

exports[`Dropdown renders correctly 12`] = `
<Dropdown
  menu={
    <DropdownMenu>
      <DropdownMenuItem>
        <a
          href="https://www.kingdee.com/"
          rel="noopener noreferrer"
          target="_blank"
        >
          菜单1
        </a>
      </DropdownMenuItem>
      <DropdownMenuItem>
        <a
          href="https://www.kdcloud.com/"
          rel="noopener noreferrer"
          target="_blank"
        >
          菜单2
        </a>
      </DropdownMenuItem>
      <DropdownMenuItem>
        <a
          href="https://www.yunzhijia.com/"
          rel="noopener noreferrer"
          target="_blank"
        >
          菜单3
        </a>
      </DropdownMenuItem>
      <DropdownMenuItem
        danger={true}
      >
        a danger item
      </DropdownMenuItem>
    </DropdownMenu>
  }
  placement="rightTop"
>
  <Popper
    arrow={false}
    onVisibleChange={[Function]}
    placement="rightTop"
    prefixCls="kd-dropdown"
    tip={
      <DropdownMenu
        onClick={[Function]}
        selectedKey=""
      >
        <DropdownMenuItem>
          <a
            href="https://www.kingdee.com/"
            rel="noopener noreferrer"
            target="_blank"
          >
            菜单1
          </a>
        </DropdownMenuItem>
        <DropdownMenuItem>
          <a
            href="https://www.kdcloud.com/"
            rel="noopener noreferrer"
            target="_blank"
          >
            菜单2
          </a>
        </DropdownMenuItem>
        <DropdownMenuItem>
          <a
            href="https://www.yunzhijia.com/"
            rel="noopener noreferrer"
            target="_blank"
          >
            菜单3
          </a>
        </DropdownMenuItem>
        <DropdownMenuItem
          danger={true}
        >
          a danger item
        </DropdownMenuItem>
      </DropdownMenu>
    }
    trigger="hover"
    visible={false}
  >
    <span
      className="kd-popper-reference"
    />
  </Popper>
</Dropdown>
`;

exports[`Dropdown renders correctly 13`] = `
<Dropdown
  menu={
    <DropdownMenu>
      <DropdownMenuItem>
        <a
          href="https://www.kingdee.com/"
          rel="noopener noreferrer"
          target="_blank"
        >
          菜单1
        </a>
      </DropdownMenuItem>
      <DropdownMenuItem>
        <a
          href="https://www.kdcloud.com/"
          rel="noopener noreferrer"
          target="_blank"
        >
          菜单2
        </a>
      </DropdownMenuItem>
      <DropdownMenuItem>
        <a
          href="https://www.yunzhijia.com/"
          rel="noopener noreferrer"
          target="_blank"
        >
          菜单3
        </a>
      </DropdownMenuItem>
      <DropdownMenuItem
        danger={true}
      >
        a danger item
      </DropdownMenuItem>
    </DropdownMenu>
  }
  placement="rightBottom"
>
  <Popper
    arrow={false}
    onVisibleChange={[Function]}
    placement="rightBottom"
    prefixCls="kd-dropdown"
    tip={
      <DropdownMenu
        onClick={[Function]}
        selectedKey=""
      >
        <DropdownMenuItem>
          <a
            href="https://www.kingdee.com/"
            rel="noopener noreferrer"
            target="_blank"
          >
            菜单1
          </a>
        </DropdownMenuItem>
        <DropdownMenuItem>
          <a
            href="https://www.kdcloud.com/"
            rel="noopener noreferrer"
            target="_blank"
          >
            菜单2
          </a>
        </DropdownMenuItem>
        <DropdownMenuItem>
          <a
            href="https://www.yunzhijia.com/"
            rel="noopener noreferrer"
            target="_blank"
          >
            菜单3
          </a>
        </DropdownMenuItem>
        <DropdownMenuItem
          danger={true}
        >
          a danger item
        </DropdownMenuItem>
      </DropdownMenu>
    }
    trigger="hover"
    visible={false}
  >
    <span
      className="kd-popper-reference"
    />
  </Popper>
</Dropdown>
`;

exports[`Dropdown renders correctly 14`] = `
<Dropdown
  menu={
    <DropdownMenu>
      <DropdownMenuItem>
        <a
          href="https://www.kingdee.com/"
          rel="noopener noreferrer"
          target="_blank"
        >
          菜单1
        </a>
      </DropdownMenuItem>
      <DropdownMenuItem>
        <a
          href="https://www.kdcloud.com/"
          rel="noopener noreferrer"
          target="_blank"
        >
          菜单2
        </a>
      </DropdownMenuItem>
      <DropdownMenuItem>
        <a
          href="https://www.yunzhijia.com/"
          rel="noopener noreferrer"
          target="_blank"
        >
          菜单3
        </a>
      </DropdownMenuItem>
      <DropdownMenuItem
        danger={true}
      >
        a danger item
      </DropdownMenuItem>
    </DropdownMenu>
  }
  trigger={
    Array [
      "hover",
    ]
  }
>
  <Popper
    arrow={false}
    onVisibleChange={[Function]}
    placement="bottomLeft"
    prefixCls="kd-dropdown"
    tip={
      <DropdownMenu
        onClick={[Function]}
        selectedKey=""
      >
        <DropdownMenuItem>
          <a
            href="https://www.kingdee.com/"
            rel="noopener noreferrer"
            target="_blank"
          >
            菜单1
          </a>
        </DropdownMenuItem>
        <DropdownMenuItem>
          <a
            href="https://www.kdcloud.com/"
            rel="noopener noreferrer"
            target="_blank"
          >
            菜单2
          </a>
        </DropdownMenuItem>
        <DropdownMenuItem>
          <a
            href="https://www.yunzhijia.com/"
            rel="noopener noreferrer"
            target="_blank"
          >
            菜单3
          </a>
        </DropdownMenuItem>
        <DropdownMenuItem
          danger={true}
        >
          a danger item
        </DropdownMenuItem>
      </DropdownMenu>
    }
    trigger={
      Array [
        "hover",
      ]
    }
    visible={false}
  >
    <span
      className="kd-popper-reference"
    />
  </Popper>
</Dropdown>
`;

exports[`Dropdown renders correctly 15`] = `
<Dropdown
  menu={
    <DropdownMenu>
      <DropdownMenuItem>
        <a
          href="https://www.kingdee.com/"
          rel="noopener noreferrer"
          target="_blank"
        >
          菜单1
        </a>
      </DropdownMenuItem>
      <DropdownMenuItem>
        <a
          href="https://www.kdcloud.com/"
          rel="noopener noreferrer"
          target="_blank"
        >
          菜单2
        </a>
      </DropdownMenuItem>
      <DropdownMenuItem>
        <a
          href="https://www.yunzhijia.com/"
          rel="noopener noreferrer"
          target="_blank"
        >
          菜单3
        </a>
      </DropdownMenuItem>
      <DropdownMenuItem
        danger={true}
      >
        a danger item
      </DropdownMenuItem>
    </DropdownMenu>
  }
  trigger={
    Array [
      "focus",
    ]
  }
>
  <Popper
    arrow={false}
    onVisibleChange={[Function]}
    placement="bottomLeft"
    prefixCls="kd-dropdown"
    tip={
      <DropdownMenu
        onClick={[Function]}
        selectedKey=""
      >
        <DropdownMenuItem>
          <a
            href="https://www.kingdee.com/"
            rel="noopener noreferrer"
            target="_blank"
          >
            菜单1
          </a>
        </DropdownMenuItem>
        <DropdownMenuItem>
          <a
            href="https://www.kdcloud.com/"
            rel="noopener noreferrer"
            target="_blank"
          >
            菜单2
          </a>
        </DropdownMenuItem>
        <DropdownMenuItem>
          <a
            href="https://www.yunzhijia.com/"
            rel="noopener noreferrer"
            target="_blank"
          >
            菜单3
          </a>
        </DropdownMenuItem>
        <DropdownMenuItem
          danger={true}
        >
          a danger item
        </DropdownMenuItem>
      </DropdownMenu>
    }
    trigger={
      Array [
        "focus",
      ]
    }
    visible={false}
  >
    <span
      className="kd-popper-reference"
    />
  </Popper>
</Dropdown>
`;

exports[`Dropdown renders correctly 16`] = `
<Dropdown
  menu={
    <DropdownMenu>
      <DropdownMenuItem>
        <a
          href="https://www.kingdee.com/"
          rel="noopener noreferrer"
          target="_blank"
        >
          菜单1
        </a>
      </DropdownMenuItem>
      <DropdownMenuItem>
        <a
          href="https://www.kdcloud.com/"
          rel="noopener noreferrer"
          target="_blank"
        >
          菜单2
        </a>
      </DropdownMenuItem>
      <DropdownMenuItem>
        <a
          href="https://www.yunzhijia.com/"
          rel="noopener noreferrer"
          target="_blank"
        >
          菜单3
        </a>
      </DropdownMenuItem>
      <DropdownMenuItem
        danger={true}
      >
        a danger item
      </DropdownMenuItem>
    </DropdownMenu>
  }
  trigger={
    Array [
      "click",
    ]
  }
>
  <Popper
    arrow={false}
    onVisibleChange={[Function]}
    placement="bottomLeft"
    prefixCls="kd-dropdown"
    tip={
      <DropdownMenu
        onClick={[Function]}
        selectedKey=""
      >
        <DropdownMenuItem>
          <a
            href="https://www.kingdee.com/"
            rel="noopener noreferrer"
            target="_blank"
          >
            菜单1
          </a>
        </DropdownMenuItem>
        <DropdownMenuItem>
          <a
            href="https://www.kdcloud.com/"
            rel="noopener noreferrer"
            target="_blank"
          >
            菜单2
          </a>
        </DropdownMenuItem>
        <DropdownMenuItem>
          <a
            href="https://www.yunzhijia.com/"
            rel="noopener noreferrer"
            target="_blank"
          >
            菜单3
          </a>
        </DropdownMenuItem>
        <DropdownMenuItem
          danger={true}
        >
          a danger item
        </DropdownMenuItem>
      </DropdownMenu>
    }
    trigger={
      Array [
        "click",
      ]
    }
    visible={false}
  >
    <span
      className="kd-popper-reference"
    />
  </Popper>
</Dropdown>
`;

exports[`Dropdown renders correctly 17`] = `
<Dropdown
  menu={
    <DropdownMenu>
      <DropdownMenuItem>
        <a
          href="https://www.kingdee.com/"
          rel="noopener noreferrer"
          target="_blank"
        >
          菜单1
        </a>
      </DropdownMenuItem>
      <DropdownMenuItem>
        <a
          href="https://www.kdcloud.com/"
          rel="noopener noreferrer"
          target="_blank"
        >
          菜单2
        </a>
      </DropdownMenuItem>
      <DropdownMenuItem>
        <a
          href="https://www.yunzhijia.com/"
          rel="noopener noreferrer"
          target="_blank"
        >
          菜单3
        </a>
      </DropdownMenuItem>
      <DropdownMenuItem
        danger={true}
      >
        a danger item
      </DropdownMenuItem>
    </DropdownMenu>
  }
  trigger={
    Array [
      "contextMenu",
    ]
  }
>
  <Popper
    arrow={false}
    onVisibleChange={[Function]}
    placement="bottomLeft"
    prefixCls="kd-dropdown"
    tip={
      <DropdownMenu
        onClick={[Function]}
        selectedKey=""
      >
        <DropdownMenuItem>
          <a
            href="https://www.kingdee.com/"
            rel="noopener noreferrer"
            target="_blank"
          >
            菜单1
          </a>
        </DropdownMenuItem>
        <DropdownMenuItem>
          <a
            href="https://www.kdcloud.com/"
            rel="noopener noreferrer"
            target="_blank"
          >
            菜单2
          </a>
        </DropdownMenuItem>
        <DropdownMenuItem>
          <a
            href="https://www.yunzhijia.com/"
            rel="noopener noreferrer"
            target="_blank"
          >
            菜单3
          </a>
        </DropdownMenuItem>
        <DropdownMenuItem
          danger={true}
        >
          a danger item
        </DropdownMenuItem>
      </DropdownMenu>
    }
    trigger={
      Array [
        "contextMenu",
      ]
    }
    visible={false}
  >
    <span
      className="kd-popper-reference"
    />
  </Popper>
</Dropdown>
`;
